[debug] [2026-06-28T17:17:32.133Z] ----------------------------------------------------------------------
[debug] [2026-06-28T17:17:32.136Z] Command:       /usr/local/nvm/versions/node/v24.16.0/bin/node /usr/local/node_packages/node_modules/.bin/firebase init hosting:github
[debug] [2026-06-28T17:17:32.137Z] CLI Version:   15.20.0
[debug] [2026-06-28T17:17:32.137Z] Platform:      linux
[debug] [2026-06-28T17:17:32.137Z] Node Version:  v24.16.0
[debug] [2026-06-28T17:17:32.137Z] Time:          Sun Jun 28 2026 17:17:32 GMT+0000 (Coordinated Universal Time)
[debug] [2026-06-28T17:17:32.137Z] ----------------------------------------------------------------------
[debug] 
[info] 
     ######## #### ########  ######## ########     ###     ######  ########
     ##        ##  ##     ## ##       ##     ##  ##   ##  ##       ##
     ######    ##  ########  ######   ########  #########  ######  ######
     ##        ##  ##    ##  ##       ##     ## ##     ##       ## ##
     ##       #### ##     ## ######## ########  ##     ##  ######  ########

You're about to initialize a Firebase project in this directory:

  /home/awsandew

Before we get started, keep in mind:

  * You are initializing within an existing Firebase project directory

[info] 
=== Project Setup
[info] 
[info] First, let's associate this project directory with a Firebase project.
[info] You can create multiple project aliases by running firebase use --add, 
[info] 
[debug] [2026-06-28T17:17:33.530Z] > command requires scopes: ["email","openid","https://www.googleapis.com/auth/cloudplatformprojects.readonly","https://www.googleapis.com/auth/firebase","https://www.googleapis.com/auth/cloud-platform"]
[debug] [2026-06-28T17:17:33.530Z] > authorizing via signed-in user (awsandew@gmail.com)
[debug] [2026-06-28T17:17:33.532Z] Checked if tokens are valid: true, expires at: 1782670526417
[debug] [2026-06-28T17:17:33.532Z] Checked if tokens are valid: true, expires at: 1782670526417
[debug] [2026-06-28T17:17:33.533Z] >>> [apiv2][query] GET https://firebase.googleapis.com/v1beta1/projects/ast-awsan-7bb64 [none]
[debug] [2026-06-28T17:17:33.533Z] >>> [apiv2][(partial)header] GET https://firebase.googleapis.com/v1beta1/projects/ast-awsan-7bb64  x-goog-user-project=ast-awsan-7bb64
[debug] [2026-06-28T17:17:33.855Z] <<< [apiv2][status] GET https://firebase.googleapis.com/v1beta1/projects/ast-awsan-7bb64 200
[debug] [2026-06-28T17:17:33.855Z] <<< [apiv2][body] GET https://firebase.googleapis.com/v1beta1/projects/ast-awsan-7bb64 {"projectId":"ast-awsan-7bb64","projectNumber":"1098000263029","displayName":"AST AWSAN","name":"projects/ast-awsan-7bb64","resources":{"hostingSite":"ast-awsan-7bb64"},"state":"ACTIVE","etag":"1_5f6d9a4c-0505-43d6-9828-852173abcbf4"}
[info] i  Using project ast-awsan-7bb64 (AST AWSAN) . 
[info] 
=== Hosting:github Setup
[info] 
[info] i  Detected a .git folder at /home/awsandew/Awsan-Sultan-Crypto-Ecosystem-project 
[info] i  Authorizing with GitHub to upload your service account to a GitHub repository's secrets store. 
[info] 
[info] Visit this URL on this device to log in:
[info] https://github.com/login/oauth/authorize?client_id=89cf50f02ac6aaed3484&state=876555121&redirect_uri=http%3A%2F%2Flocalhost%3A9005&scope=read%3Auser%20repo%20public_repo
[info] 
[info] Waiting for authentication...
